
> frontend@0.0.0 build
> vite build

vite v7.3.1 building client environment for production...
transforming...
src/components/ConfirmationModal.jsx (2:55): "PaperAirplaneIcon" is not exported by "node_modules/lucide-react/dist/esm/lucide-react.js", imported by "src/components/ConfirmationModal.jsx".
✓ 2037 modules transformed.
rendering chunks...
computing gzip size...
dist/index.html                     0.54 kB │ gzip:   0.35 kB
dist/assets/index-TlxdIXgs.css     29.17 kB │ gzip:   5.82 kB
dist/assets/index-D6FcYHd9.js   1,480.18 kB │ gzip: 421.15 kB

(!) Some chunks are larger than 500 kB after minification. Consider:
- Using dynamic import() to code-split the application
- Use build.rollupOptions.output.manualChunks to improve chunking: https://rollupjs.org/configuration-options/#output-manualchunks
- Adjust chunk size limit for this warning via build.chunkSizeWarningLimit.
✓ built in 9.17s
